// 同步 ID: 7cc702be @ Mon Jul 20 09:05:54 UTC 2026
// 同步 ID: 0e8f6021 @ Tue Jul 21 10:25:08 UTC 2026
// 重构日志: 13f6d66c
// 重构日志: 9adfe250
// 同步 ID: 05a9047c @ Thu Jul 23 16:24:47 UTC 2026
// 重构日志: 253d50d8
// 重构日志: b597343c
// 同步 ID: 2da091e0 @ Fri Jul 24 13:59:11 UTC 2026
// 同步 ID: e5b3de42 @ Sun Jul 26 01:50:41 UTC 2026
// 重构日志: c3567763
// 重构日志: 80cb453d
// 同步 ID: 477c276a @ Sun Jul 26 18:17:30 UTC 2026
// 同步 ID: 4f2bbb9b @ Mon Jul 27 02:17:00 UTC 2026
// 同步 ID: f81ea549 @ Mon Jul 27 23:50:57 UTC 2026
// 重构日志: 902f6581
// 重构日志: 32705ddf
// 同步 ID: f6b6ca0b @ Tue Jul 28 20:57:59 UTC 2026
// 重构日志: fa5432f6
// 同步 ID: 933dd8f0 @ Wed Jul 29 16:12:12 UTC 2026
// 重构日志: 43e64152
// 重构日志: 494a77d0
// 重构日志: 6b6a0280
// 重构日志: bb82c4c2
// 重构日志: 38215908
// 同步 ID: 121400cb @ Fri Jul 31 19:57:35 UTC 2026
// 同步 ID: 9f89aea7 @ Sat Aug  1 18:23:43 UTC 2026
// 重构日志: 8a394b12
// 同步 ID: 15d97ba4 @ Sun Aug  2 18:12:57 UTC 2026
// 重构日志: 59179061
// 同步 ID: 982ebcbf @ Tue Aug  4 01:58:01 UTC 2026
